// Jest Snapshot v1, https://goo.gl/fbAQLP

exports[`Pruebas <AddCategory /> Debe de mostrarse correctamente 1`] = `
<form
  onSubmit={[Function]}
>
  <input
    onChange={[Function]}
    placeholder="String to Search"
    type="Text"
    value=""
  />
</form>
`;
